// Jest Snapshot v1, https://goo.gl/fbAQLP

exports[`disqus.spec.js snapchot 1`] = `
<div>
  <h4>
    Coment√°rios
  </h4>
  <div
    id="disqus_thread"
  />
</div>
`;
